
> finance-app@0.0.0 build
> vite build

npm : 'vite' n'est pas 
reconnu en tant que 
commande interne
Au caractère Ligne:1 : 1
+ npm run build > 
build_output.txt 2>&1
+ ~~~~~~~~~~~~~~~~~~~~~~~~~
~~~~~~~~~~~~
    + CategoryInfo         
     : NotSpecified: ('vi  
  te' n'est pa...ommande   
  interne:String) [], R    
emoteException
    + FullyQualifiedErrorI 
   d : NativeCommandError
 
ou externe, un programme 
exécutable ou un fichier 
de commandes.
